> Task :app:preBuild UP-TO-DATE
> Task :app:preDebugBuild UP-TO-DATE
> Task :app:mergeDebugNativeDebugMetadata NO-SOURCE
> Task :app:generateDebugResValues UP-TO-DATE
> Task :app:checkDebugAarMetadata
> Task :app:mapDebugSourceSetPaths
> Task :app:generateDebugResources UP-TO-DATE
> Task :app:packageDebugResources UP-TO-DATE
> Task :app:parseDebugLocalResources UP-TO-DATE
> Task :app:createDebugCompatibleScreenManifests UP-TO-DATE
> Task :app:extractDeepLinksDebug UP-TO-DATE
> Task :app:processDebugMainManifest
> Task :app:processDebugManifest
> Task :app:javaPreCompileDebug UP-TO-DATE
> Task :app:mergeDebugShaders UP-TO-DATE
> Task :app:compileDebugShaders NO-SOURCE
> Task :app:generateDebugAssets UP-TO-DATE
> Task :app:mergeDebugAssets UP-TO-DATE
> Task :app:compressDebugAssets UP-TO-DATE
> Task :app:desugarDebugFileDependencies UP-TO-DATE
> Task :app:mergeDebugJniLibFolders UP-TO-DATE
> Task :app:mergeDebugNativeLibs UP-TO-DATE
> Task :app:stripDebugDebugSymbols UP-TO-DATE
> Task :app:validateSigningDebug UP-TO-DATE
> Task :app:writeDebugAppMetadata UP-TO-DATE
> Task :app:writeDebugSigningConfigVersions UP-TO-DATE
> Task :app:processDebugManifestForPackage
> Task :app:checkDebugDuplicateClasses
> Task :app:mergeLibDexDebug UP-TO-DATE
> Task :app:mergeDebugResources
> Task :app:processDebugResources
> Task :app:mergeExtDexDebug

> Task :app:compileDebugKotlin
w: file:///C:/Users/moham/AndroidStudioProjects/cashdash/app/src/main/java/com/aufin/cashdash/AllocatorActivity.kt:25:26 'setter for systemUiVisibility: Int' is deprecated. Deprecated in Java
w: file:///C:/Users/moham/AndroidStudioProjects/cashdash/app/src/main/java/com/aufin/cashdash/AllocatorActivity.kt:26:19 'SYSTEM_UI_FLAG_LAYOUT_STABLE: Int' is deprecated. Deprecated in Java
w: file:///C:/Users/moham/AndroidStudioProjects/cashdash/app/src/main/java/com/aufin/cashdash/AllocatorActivity.kt:26:56 'SYSTEM_UI_FLAG_LAYOUT_FULLSCREEN: Int' is deprecated. Deprecated in Java
w: file:///C:/Users/moham/AndroidStudioProjects/cashdash/app/src/main/java/com/aufin/cashdash/BalanceSetupActivity.kt:28:26 'setter for systemUiVisibility: Int' is deprecated. Deprecated in Java
w: file:///C:/Users/moham/AndroidStudioProjects/cashdash/app/src/main/java/com/aufin/cashdash/BalanceSetupActivity.kt:28:53 'SYSTEM_UI_FLAG_LAYOUT_STABLE: Int' is deprecated. Deprecated in Java
w: file:///C:/Users/moham/AndroidStudioProjects/cashdash/app/src/main/java/com/aufin/cashdash/BalanceSetupActivity.kt:29:25 'SYSTEM_UI_FLAG_LAYOUT_FULLSCREEN: Int' is deprecated. Deprecated in Java
w: file:///C:/Users/moham/AndroidStudioProjects/cashdash/app/src/main/java/com/aufin/cashdash/BalanceSetupActivity.kt:151:19 'onBackPressed(): Unit' is deprecated. Deprecated in Java
w: file:///C:/Users/moham/AndroidStudioProjects/cashdash/app/src/main/java/com/aufin/cashdash/CategoryAnalysisActivity.kt:27:26 'setter for systemUiVisibility: Int' is deprecated. Deprecated in Java
w: file:///C:/Users/moham/AndroidStudioProjects/cashdash/app/src/main/java/com/aufin/cashdash/CategoryAnalysisActivity.kt:28:18 'SYSTEM_UI_FLAG_LAYOUT_STABLE: Int' is deprecated. Deprecated in Java
w: file:///C:/Users/moham/AndroidStudioProjects/cashdash/app/src/main/java/com/aufin/cashdash/CategoryAnalysisActivity.kt:28:55 'SYSTEM_UI_FLAG_LAYOUT_FULLSCREEN: Int' is deprecated. Deprecated in Java
w: file:///C:/Users/moham/AndroidStudioProjects/cashdash/app/src/main/java/com/aufin/cashdash/CategoryAnalysisActivity.kt:112:40 Parameter 'categoryName' is never used
w: file:///C:/Users/moham/AndroidStudioProjects/cashdash/app/src/main/java/com/aufin/cashdash/DetailHistoryActivity.kt:18:26 'setter for systemUiVisibility: Int' is deprecated. Deprecated in Java
w: file:///C:/Users/moham/AndroidStudioProjects/cashdash/app/src/main/java/com/aufin/cashdash/DetailHistoryActivity.kt:19:18 'SYSTEM_UI_FLAG_LAYOUT_STABLE: Int' is deprecated. Deprecated in Java
w: file:///C:/Users/moham/AndroidStudioProjects/cashdash/app/src/main/java/com/aufin/cashdash/DetailHistoryActivity.kt:19:55 'SYSTEM_UI_FLAG_LAYOUT_FULLSCREEN: Int' is deprecated. Deprecated in Java
w: file:///C:/Users/moham/AndroidStudioProjects/cashdash/app/src/main/java/com/aufin/cashdash/EntryActivity.kt:32:26 'setter for systemUiVisibility: Int' is deprecated. Deprecated in Java
w: file:///C:/Users/moham/AndroidStudioProjects/cashdash/app/src/main/java/com/aufin/cashdash/EntryActivity.kt:33:32 'SYSTEM_UI_FLAG_LAYOUT_STABLE: Int' is deprecated. Deprecated in Java
w: file:///C:/Users/moham/AndroidStudioProjects/cashdash/app/src/main/java/com/aufin/cashdash/EntryActivity.kt:34:42 'SYSTEM_UI_FLAG_LAYOUT_FULLSCREEN: Int' is deprecated. Deprecated in Java
w: file:///C:/Users/moham/AndroidStudioProjects/cashdash/app/src/main/java/com/aufin/cashdash/HistoryActivity.kt:25:26 'setter for systemUiVisibility: Int' is deprecated. Deprecated in Java
w: file:///C:/Users/moham/AndroidStudioProjects/cashdash/app/src/main/java/com/aufin/cashdash/HistoryActivity.kt:26:18 'SYSTEM_UI_FLAG_LAYOUT_STABLE: Int' is deprecated. Deprecated in Java
w: file:///C:/Users/moham/AndroidStudioProjects/cashdash/app/src/main/java/com/aufin/cashdash/HistoryActivity.kt:26:55 'SYSTEM_UI_FLAG_LAYOUT_FULLSCREEN: Int' is deprecated. Deprecated in Java
w: file:///C:/Users/moham/AndroidStudioProjects/cashdash/app/src/main/java/com/aufin/cashdash/HistoryActivity.kt:264:21 Variable 'cal' is never used
w: file:///C:/Users/moham/AndroidStudioProjects/cashdash/app/src/main/java/com/aufin/cashdash/MainActivity.kt:31:26 'setter for systemUiVisibility: Int' is deprecated. Deprecated in Java
w: file:///C:/Users/moham/AndroidStudioProjects/cashdash/app/src/main/java/com/aufin/cashdash/MainActivity.kt:32:18 'SYSTEM_UI_FLAG_LAYOUT_STABLE: Int' is deprecated. Deprecated in Java
w: file:///C:/Users/moham/AndroidStudioProjects/cashdash/app/src/main/java/com/aufin/cashdash/MainActivity.kt:32:55 'SYSTEM_UI_FLAG_LAYOUT_FULLSCREEN: Int' is deprecated. Deprecated in Java
w: file:///C:/Users/moham/AndroidStudioProjects/cashdash/app/src/main/java/com/aufin/cashdash/MainActivity.kt:121:42 Parameter 'appPrefs' is never used
w: file:///C:/Users/moham/AndroidStudioProjects/cashdash/app/src/main/java/com/aufin/cashdash/MenuActivity.kt:27:26 'setter for systemUiVisibility: Int' is deprecated. Deprecated in Java
w: file:///C:/Users/moham/AndroidStudioProjects/cashdash/app/src/main/java/com/aufin/cashdash/MenuActivity.kt:28:32 'SYSTEM_UI_FLAG_LAYOUT_STABLE: Int' is deprecated. Deprecated in Java
w: file:///C:/Users/moham/AndroidStudioProjects/cashdash/app/src/main/java/com/aufin/cashdash/MenuActivity.kt:29:42 'SYSTEM_UI_FLAG_LAYOUT_FULLSCREEN: Int' is deprecated. Deprecated in Java
w: file:///C:/Users/moham/AndroidStudioProjects/cashdash/app/src/main/java/com/aufin/cashdash/MenuActivity.kt:42:13 'overridePendingTransition(Int, Int): Unit' is deprecated. Deprecated in Java
w: file:///C:/Users/moham/AndroidStudioProjects/cashdash/app/src/main/java/com/aufin/cashdash/MenuActivity.kt:51:13 'overridePendingTransition(Int, Int): Unit' is deprecated. Deprecated in Java
w: file:///C:/Users/moham/AndroidStudioProjects/cashdash/app/src/main/java/com/aufin/cashdash/MoneyScheduleActivity.kt:23:26 'setter for systemUiVisibility: Int' is deprecated. Deprecated in Java
w: file:///C:/Users/moham/AndroidStudioProjects/cashdash/app/src/main/java/com/aufin/cashdash/MoneyScheduleActivity.kt:24:19 'SYSTEM_UI_FLAG_LAYOUT_STABLE: Int' is deprecated. Deprecated in Java
w: file:///C:/Users/moham/AndroidStudioProjects/cashdash/app/src/main/java/com/aufin/cashdash/MoneyScheduleActivity.kt:25:29 'SYSTEM_UI_FLAG_LAYOUT_FULLSCREEN: Int' is deprecated. Deprecated in Java
w: file:///C:/Users/moham/AndroidStudioProjects/cashdash/app/src/main/java/com/aufin/cashdash/ProfileActivity.kt:20:26 'setter for systemUiVisibility: Int' is deprecated. Deprecated in Java
w: file:///C:/Users/moham/AndroidStudioProjects/cashdash/app/src/main/java/com/aufin/cashdash/ProfileActivity.kt:21:18 'SYSTEM_UI_FLAG_LAYOUT_STABLE: Int' is deprecated. Deprecated in Java
w: file:///C:/Users/moham/AndroidStudioProjects/cashdash/app/src/main/java/com/aufin/cashdash/ProfileActivity.kt:21:55 'SYSTEM_UI_FLAG_LAYOUT_FULLSCREEN: Int' is deprecated. Deprecated in Java
w: file:///C:/Users/moham/AndroidStudioProjects/cashdash/app/src/main/java/com/aufin/cashdash/RigorActivity.kt:27:26 'setter for systemUiVisibility: Int' is deprecated. Deprecated in Java
w: file:///C:/Users/moham/AndroidStudioProjects/cashdash/app/src/main/java/com/aufin/cashdash/RigorActivity.kt:28:18 'SYSTEM_UI_FLAG_LAYOUT_STABLE: Int' is deprecated. Deprecated in Java
w: file:///C:/Users/moham/AndroidStudioProjects/cashdash/app/src/main/java/com/aufin/cashdash/RigorActivity.kt:28:55 'SYSTEM_UI_FLAG_LAYOUT_FULLSCREEN: Int' is deprecated. Deprecated in Java
w: file:///C:/Users/moham/AndroidStudioProjects/cashdash/app/src/main/java/com/aufin/cashdash/ScannerActivity.kt:35:1 Annotation 'androidx.camera.core.ExperimentalGetImage' is not an opt-in requirement marker, therefore its usage in @OptIn is ignored
w: file:///C:/Users/moham/AndroidStudioProjects/cashdash/app/src/main/java/com/aufin/cashdash/ScannerActivity.kt:68:9 'overridePendingTransition(Int, Int): Unit' is deprecated. Deprecated in Java
w: file:///C:/Users/moham/AndroidStudioProjects/cashdash/app/src/main/java/com/aufin/cashdash/ScannerActivity.kt:76:26 'setter for systemUiVisibility: Int' is deprecated. Deprecated in Java
w: file:///C:/Users/moham/AndroidStudioProjects/cashdash/app/src/main/java/com/aufin/cashdash/ScannerActivity.kt:77:18 'SYSTEM_UI_FLAG_LAYOUT_STABLE: Int' is deprecated. Deprecated in Java
w: file:///C:/Users/moham/AndroidStudioProjects/cashdash/app/src/main/java/com/aufin/cashdash/ScannerActivity.kt:77:55 'SYSTEM_UI_FLAG_LAYOUT_FULLSCREEN: Int' is deprecated. Deprecated in Java
w: file:///C:/Users/moham/AndroidStudioProjects/cashdash/app/src/main/java/com/aufin/cashdash/ScannerActivity.kt:94:13 'overridePendingTransition(Int, Int): Unit' is deprecated. Deprecated in Java
w: file:///C:/Users/moham/AndroidStudioProjects/cashdash/app/src/main/java/com/aufin/cashdash/ScannerActivity.kt:117:21 'overridePendingTransition(Int, Int): Unit' is deprecated. Deprecated in Java
w: file:///C:/Users/moham/AndroidStudioProjects/cashdash/app/src/main/java/com/aufin/cashdash/ScannerActivity.kt:128:9 'startActivityForResult(Intent, Int): Unit' is deprecated. Deprecated in Java
w: file:///C:/Users/moham/AndroidStudioProjects/cashdash/app/src/main/java/com/aufin/cashdash/ScannerActivity.kt:297:39 Parameter 'parentDialog' is never used
w: file:///C:/Users/moham/AndroidStudioProjects/cashdash/app/src/main/java/com/aufin/cashdash/ScannerActivity.kt:513:17 'startActivityForResult(Intent, Int): Unit' is deprecated. Deprecated in Java
w: file:///C:/Users/moham/AndroidStudioProjects/cashdash/app/src/main/java/com/aufin/cashdash/ScannerActivity.kt:517:17 'startActivityForResult(Intent, Int): Unit' is deprecated. Deprecated in Java
w: file:///C:/Users/moham/AndroidStudioProjects/cashdash/app/src/main/java/com/aufin/cashdash/ScannerActivity.kt:634:31 'VIBRATOR_SERVICE: String' is deprecated. Deprecated in Java
w: file:///C:/Users/moham/AndroidStudioProjects/cashdash/app/src/main/java/com/aufin/cashdash/SetLimitActivity.kt:19:26 'setter for systemUiVisibility: Int' is deprecated. Deprecated in Java
w: file:///C:/Users/moham/AndroidStudioProjects/cashdash/app/src/main/java/com/aufin/cashdash/SetLimitActivity.kt:20:18 'SYSTEM_UI_FLAG_LAYOUT_STABLE: Int' is deprecated. Deprecated in Java
w: file:///C:/Users/moham/AndroidStudioProjects/cashdash/app/src/main/java/com/aufin/cashdash/SetLimitActivity.kt:20:55 'SYSTEM_UI_FLAG_LAYOUT_FULLSCREEN: Int' is deprecated. Deprecated in Java
w: file:///C:/Users/moham/AndroidStudioProjects/cashdash/app/src/main/java/com/aufin/cashdash/SplashActivity.kt:23:26 'setter for systemUiVisibility: Int' is deprecated. Deprecated in Java
w: file:///C:/Users/moham/AndroidStudioProjects/cashdash/app/src/main/java/com/aufin/cashdash/SplashActivity.kt:24:19 'SYSTEM_UI_FLAG_LAYOUT_STABLE: Int' is deprecated. Deprecated in Java
w: file:///C:/Users/moham/AndroidStudioProjects/cashdash/app/src/main/java/com/aufin/cashdash/SplashActivity.kt:24:56 'SYSTEM_UI_FLAG_LAYOUT_FULLSCREEN: Int' is deprecated. Deprecated in Java
w: file:///C:/Users/moham/AndroidStudioProjects/cashdash/app/src/main/java/com/aufin/cashdash/SuccessActivity.kt:15:26 'setter for systemUiVisibility: Int' is deprecated. Deprecated in Java
w: file:///C:/Users/moham/AndroidStudioProjects/cashdash/app/src/main/java/com/aufin/cashdash/SuccessActivity.kt:16:18 'SYSTEM_UI_FLAG_LAYOUT_STABLE: Int' is deprecated. Deprecated in Java
w: file:///C:/Users/moham/AndroidStudioProjects/cashdash/app/src/main/java/com/aufin/cashdash/SuccessActivity.kt:16:55 'SYSTEM_UI_FLAG_LAYOUT_FULLSCREEN: Int' is deprecated. Deprecated in Java

> Task :app:compileDebugJavaWithJavac NO-SOURCE
> Task :app:processDebugJavaRes UP-TO-DATE
> Task :app:dexBuilderDebug
> Task :app:mergeProjectDexDebug
> Task :app:mergeDebugJavaResource
> Task :app:packageDebug
> Task :app:createDebugApkListingFileRedirect UP-TO-DATE
> Task :app:assembleDebug

[Incubating] Problems report is available at: file:///C:/Users/moham/AndroidStudioProjects/cashdash/build/reports/problems/problems-report.html

Deprecated Gradle features were used in this build, making it incompatible with Gradle 9.0.

You can use '--warning-mode all' to show the individual deprecation warnings and determine if they come from your own scripts or plugins.

For more on this, please refer to https://docs.gradle.org/8.13/userguide/command_line_interface.html#sec:command_line_warnings in the Gradle documentation.

BUILD SUCCESSFUL in 7s
33 actionable tasks: 14 executed, 19 up-to-date
